// Jest Snapshot v1, https://goo.gl/fbAQLP

exports[`component/FileNavigation/ManageBar/index should render correctly 1`] = `
Array [
  <div
    className="manage-bar"
  >
    <Memo(CreateFileIcon)
      onPress={[Function]}
    />
    <Memo(CreateFolderIcon)
      onPress={[Function]}
    />
    <React.Fragment>
      <Memo(RenameIcon)
        onPress={[Function]}
      />
      <Memo(RemoveIcon)
        onPress={[Function]}
      />
    </React.Fragment>
  </div>,
]
`;
